{
  "name": "Github",
  "detail": "Github yekan"
}