{
  "name": "Facebook",
  "detail": "Facebook nih bos"
}