{
  "name": "Mawang Cewek",
  "email": "mawangcewek@wang.id",
  "password": "mawang121ea",
  "address": "jabodetabek juga"
}