{
  "name": "Mawang",
  "email": "mawang@wang.id",
  "password": "mawang121",
  "address": "jabodetabek"
}